module TS1 where

type Foo = (String, Int)

getInt :: Foo -> Int
getInt (_, i) = i
