module MoveDef.Demote where

toplevel :: Integer -> Integer
toplevel x = c * x
    where
      c = 7


d = 9


