module DupDef.Dd2 where

import DupDef.Dd1 hiding (mm_H2)


f2 x = ff (x+1)

mm = 5


