module HList1 where
import qualified Data.DList as DList
import Data.DList (DList)

data Tree a = Leaf
            | Node (Tree a) a (Tree a)

enumerate :: Tree a -> DList a
enumerate Leaf = DList.empty
enumerate (Node left x right) = (enumerate left) `DList.append` (DList.singleton x) `DList.append` (enumerate right)