module UTS2 where

type Bar = String

getInt :: (  Int,    String  ) -> Int
getInt (i, _) = i
